Archive member included to satisfy reference by file (symbol)

D:/APP/STM32CubeCLT_1.18.0/GNU-tools-for-STM32/bin/../lib/gcc/arm-none-eabi/13.3.1/../../../../arm-none-eabi/lib/thumb/v7e-m+fp/hard\libg_nano.a(libc_a-exit.o)
                              D:/APP/STM32CubeCLT_1.18.0/GNU-tools-for-STM32/bin/../lib/gcc/arm-none-eabi/13.3.1/../../../../arm-none-eabi/lib/thumb/v7e-m+fp/hard/crt0.o (exit)
D:/APP/STM32CubeCLT_1.18.0/GNU-tools-for-STM32/bin/../lib/gcc/arm-none-eabi/13.3.1/../../../../arm-none-eabi/lib/thumb/v7e-m+fp/hard\libg_nano.a(libc_a-findfp.o)
                              D:/APP/STM32CubeCLT_1.18.0/GNU-tools-for-STM32/bin/../lib/gcc/arm-none-eabi/13.3.1/../../../../arm-none-eabi/lib/thumb/v7e-m+fp/hard\libg_nano.a(libc_a-exit.o) (__stdio_exit_handler)
D:/APP/STM32CubeCLT_1.18.0/GNU-tools-for-STM32/bin/../lib/gcc/arm-none-eabi/13.3.1/../../../../arm-none-eabi/lib/thumb/v7e-m+fp/hard\libg_nano.a(libc_a-fwalk.o)
                              D:/APP/STM32CubeCLT_1.18.0/GNU-tools-for-STM32/bin/../lib/gcc/arm-none-eabi/13.3.1/../../../../arm-none-eabi/lib/thumb/v7e-m+fp/hard\libg_nano.a(libc_a-findfp.o) (_fwalk_sglue)
D:/APP/STM32CubeCLT_1.18.0/GNU-tools-for-STM32/bin/../lib/gcc/arm-none-eabi/13.3.1/../../../../arm-none-eabi/lib/thumb/v7e-m+fp/hard\libg_nano.a(libc_a-stdio.o)
                              D:/APP/STM32CubeCLT_1.18.0/GNU-tools-for-STM32/bin/../lib/gcc/arm-none-eabi/13.3.1/../../../../arm-none-eabi/lib/thumb/v7e-m+fp/hard\libg_nano.a(libc_a-findfp.o) (__sread)
D:/APP/STM32CubeCLT_1.18.0/GNU-tools-for-STM32/bin/../lib/gcc/arm-none-eabi/13.3.1/../../../../arm-none-eabi/lib/thumb/v7e-m+fp/hard\libg_nano.a(libc_a-memset.o)
                              D:/APP/STM32CubeCLT_1.18.0/GNU-tools-for-STM32/bin/../lib/gcc/arm-none-eabi/13.3.1/../../../../arm-none-eabi/lib/thumb/v7e-m+fp/hard/crt0.o (memset)
D:/APP/STM32CubeCLT_1.18.0/GNU-tools-for-STM32/bin/../lib/gcc/arm-none-eabi/13.3.1/../../../../arm-none-eabi/lib/thumb/v7e-m+fp/hard\libg_nano.a(libc_a-closer.o)
                              D:/APP/STM32CubeCLT_1.18.0/GNU-tools-for-STM32/bin/../lib/gcc/arm-none-eabi/13.3.1/../../../../arm-none-eabi/lib/thumb/v7e-m+fp/hard\libg_nano.a(libc_a-stdio.o) (_close_r)
D:/APP/STM32CubeCLT_1.18.0/GNU-tools-for-STM32/bin/../lib/gcc/arm-none-eabi/13.3.1/../../../../arm-none-eabi/lib/thumb/v7e-m+fp/hard\libg_nano.a(libc_a-reent.o)
                              CMakeFiles/gd32F303_Cmake.elf.dir/Firmware/CMSIS/GD/GD32F30x/Source/syscalls.c.obj (errno)
D:/APP/STM32CubeCLT_1.18.0/GNU-tools-for-STM32/bin/../lib/gcc/arm-none-eabi/13.3.1/../../../../arm-none-eabi/lib/thumb/v7e-m+fp/hard\libg_nano.a(libc_a-impure.o)
                              D:/APP/STM32CubeCLT_1.18.0/GNU-tools-for-STM32/bin/../lib/gcc/arm-none-eabi/13.3.1/../../../../arm-none-eabi/lib/thumb/v7e-m+fp/hard\libg_nano.a(libc_a-reent.o) (_impure_ptr)
D:/APP/STM32CubeCLT_1.18.0/GNU-tools-for-STM32/bin/../lib/gcc/arm-none-eabi/13.3.1/../../../../arm-none-eabi/lib/thumb/v7e-m+fp/hard\libg_nano.a(libc_a-lseekr.o)
                              D:/APP/STM32CubeCLT_1.18.0/GNU-tools-for-STM32/bin/../lib/gcc/arm-none-eabi/13.3.1/../../../../arm-none-eabi/lib/thumb/v7e-m+fp/hard\libg_nano.a(libc_a-stdio.o) (_lseek_r)
D:/APP/STM32CubeCLT_1.18.0/GNU-tools-for-STM32/bin/../lib/gcc/arm-none-eabi/13.3.1/../../../../arm-none-eabi/lib/thumb/v7e-m+fp/hard\libg_nano.a(libc_a-readr.o)
                              D:/APP/STM32CubeCLT_1.18.0/GNU-tools-for-STM32/bin/../lib/gcc/arm-none-eabi/13.3.1/../../../../arm-none-eabi/lib/thumb/v7e-m+fp/hard\libg_nano.a(libc_a-stdio.o) (_read_r)
D:/APP/STM32CubeCLT_1.18.0/GNU-tools-for-STM32/bin/../lib/gcc/arm-none-eabi/13.3.1/../../../../arm-none-eabi/lib/thumb/v7e-m+fp/hard\libg_nano.a(libc_a-writer.o)
                              D:/APP/STM32CubeCLT_1.18.0/GNU-tools-for-STM32/bin/../lib/gcc/arm-none-eabi/13.3.1/../../../../arm-none-eabi/lib/thumb/v7e-m+fp/hard\libg_nano.a(libc_a-stdio.o) (_write_r)
D:/APP/STM32CubeCLT_1.18.0/GNU-tools-for-STM32/bin/../lib/gcc/arm-none-eabi/13.3.1/../../../../arm-none-eabi/lib/thumb/v7e-m+fp/hard\libg_nano.a(libc_a-init.o)
                              D:/APP/STM32CubeCLT_1.18.0/GNU-tools-for-STM32/bin/../lib/gcc/arm-none-eabi/13.3.1/../../../../arm-none-eabi/lib/thumb/v7e-m+fp/hard/crt0.o (__libc_init_array)
D:/APP/STM32CubeCLT_1.18.0/GNU-tools-for-STM32/bin/../lib/gcc/arm-none-eabi/13.3.1/../../../../arm-none-eabi/lib/thumb/v7e-m+fp/hard\libg_nano.a(libc_a-lock.o)
                              D:/APP/STM32CubeCLT_1.18.0/GNU-tools-for-STM32/bin/../lib/gcc/arm-none-eabi/13.3.1/../../../../arm-none-eabi/lib/thumb/v7e-m+fp/hard\libg_nano.a(libc_a-findfp.o) (__retarget_lock_init_recursive)
D:/APP/STM32CubeCLT_1.18.0/GNU-tools-for-STM32/bin/../lib/gcc/arm-none-eabi/13.3.1/../../../../arm-none-eabi/lib/thumb/v7e-m+fp/hard\libg_nano.a(libc_a-freer.o)
[...]
Memory Configuration

Name             Origin             Length             Attributes
FLASH            0x08000000         0x00080000         xr
RAM              0x20000000         0x00010000         xrw
*default*        0x00000000         0xffffffff

Linker script and memory map

LOAD D:/APP/STM32CubeCLT_1.18.0/GNU-tools-for-STM32/bin/../lib/gcc/arm-none-eabi/13.3.1/thumb/v7e-m+fp/hard/crti.o
LOAD D:/APP/STM32CubeCLT_1.18.0/GNU-tools-for-STM32/bin/../lib/gcc/arm-none-eabi/13.3.1/thumb/v7e-m+fp/hard/crtbegin.o
LOAD D:/APP/STM32CubeCLT_1.18.0/GNU-tools-for-STM32/bin/../lib/gcc/arm-none-eabi/13.3.1/../../../../arm-none-eabi/lib/thumb/v7e-m+fp/hard/crt0.o
LOAD CMakeFiles/gd32F303_Cmake.elf.dir/src/gd32f307c_eval.c.obj
LOAD CMakeFiles/gd32F303_Cmake.elf.dir/src/gd32f30x_it.c.obj
LOAD CMakeFiles/gd32F303_Cmake.elf.dir/src/main.c.obj
LOAD CMakeFiles/gd32F303_Cmake.elf.dir/src/systick.c.obj
LOAD CMakeFiles/gd32F303_Cmake.elf.dir/Firmware/GD32F30x_standard_peripheral/Source/gd32f30x_adc.c.obj
LOAD CMakeFiles/gd32F303_Cmake.elf.dir/Firmware/GD32F30x_standard_peripheral/Source/gd32f30x_bkp.c.obj
LOAD CMakeFiles/gd32F303_Cmake.elf.dir/Firmware/GD32F30x_standard_peripheral/Source/gd32f30x_can.c.obj
LOAD CMakeFiles/gd32F303_Cmake.elf.dir/Firmware/GD32F30x_standard_peripheral/Source/gd32f30x_crc.c.obj
LOAD CMakeFiles/gd32F303_Cmake.elf.dir/Firmware/GD32F30x_standard_peripheral/Source/gd32f30x_ctc.c.obj
LOAD CMakeFiles/gd32F303_Cmake.elf.dir/Firmware/GD32F30x_standard_peripheral/Source/gd32f30x_dac.c.obj
LOAD CMakeFiles/gd32F303_Cmake.elf.dir/Firmware/GD32F30x_standard_peripheral/Source/gd32f30x_dbg.c.obj
LOAD CMakeFiles/gd32F303_Cmake.elf.dir/Firmware/GD32F30x_standard_peripheral/Source/gd32f30x_dma.c.obj
LOAD CMakeFiles/gd32F303_Cmake.elf.dir/Firmware/GD32F30x_standard_peripheral/Source/gd32f30x_enet.c.obj
LOAD CMakeFiles/gd32F303_Cmake.elf.dir/Firmware/GD32F30x_standard_peripheral/Source/gd32f30x_exmc.c.obj
LOAD CMakeFiles/gd32F303_Cmake.elf.dir/Firmware/GD32F30x_standard_peripheral/Source/gd32f30x_exti.c.obj
LOAD CMakeFiles/gd32F303_Cmake.elf.dir/Firmware/GD32F30x_standard_peripheral/Source/gd32f30x_fmc.c.obj
LOAD CMakeFiles/gd32F303_Cmake.elf.dir/Firmware/GD32F30x_standard_peripheral/Source/gd32f30x_fwdgt.c.obj
LOAD CMakeFiles/gd32F303_Cmake.elf.dir/Firmware/GD32F30x_standard_peripheral/Source/gd32f30x_gpio.c.obj
LOAD CMakeFiles/gd32F303_Cmake.elf.dir/Firmware/GD32F30x_standard_peripheral/Source/gd32f30x_i2c.c.obj
LOAD CMakeFiles/gd32F303_Cmake.elf.dir/Firmware/GD32F30x_standard_peripheral/Source/gd32f30x_misc.c.obj
LOAD CMakeFiles/gd32F303_Cmake.elf.dir/Firmware/GD32F30x_standard_peripheral/Source/gd32f30x_pmu.c.obj
LOAD CMakeFiles/gd32F303_Cmake.elf.dir/Firmware/GD32F30x_standard_peripheral/Source/gd32f30x_rcu.c.obj
LOAD CMakeFiles/gd32F303_Cmake.elf.dir/Firmware/GD32F30x_standard_peripheral/Source/gd32f30x_rtc.c.obj
LOAD CMakeFiles/gd32F303_Cmake.elf.dir/Firmware/GD32F30x_standard_peripheral/Source/gd32f30x_sdio.c.obj
LOAD CMakeFiles/gd32F303_Cmake.elf.dir/Firmware/GD32F30x_standard_peripheral/Source/gd32f30x_spi.c.obj
LOAD CMakeFiles/gd32F303_Cmake.elf.dir/Firmware/GD32F30x_standard_peripheral/Source/gd32f30x_timer.c.obj
LOAD CMakeFiles/gd32F303_Cmake.elf.dir/Firmware/GD32F30x_standard_peripheral/Source/gd32f30x_usart.c.obj
LOAD CMakeFiles/gd32F303_Cmake.elf.dir/Firmware/GD32F30x_standard_peripheral/Source/gd32f30x_wwdgt.c.obj
LOAD CMakeFiles/gd32F303_Cmake.elf.dir/Firmware/CMSIS/GD/GD32F30x/Source/syscalls.c.obj
LOAD CMakeFiles/gd32F303_Cmake.elf.dir/Firmware/CMSIS/GD/GD32F30x/Source/system_gd32f30x.c.obj
LOAD CMakeFiles/gd32F303_Cmake.elf.dir/gcc_startup/startup_gd32f30x_hd.S.obj
START GROUP
LOAD D:/APP/STM32CubeCLT_1.18.0/GNU-tools-for-STM32/bin/../lib/gcc/arm-none-eabi/13.3.1/thumb/v7e-m+fp/hard\libgcc.a
LOAD D:/APP/STM32CubeCLT_1.18.0/GNU-tools-for-STM32/bin/../lib/gcc/arm-none-eabi/13.3.1/../../../../arm-none-eabi/lib/thumb/v7e-m+fp/hard\libg_nano.a
LOAD D:/APP/STM32CubeCLT_1.18.0/GNU-tools-for-STM32/bin/../lib/gcc/arm-none-eabi/13.3.1/../../../../arm-none-eabi/lib/thumb/v7e-m+fp/hard\libc_nano.a
END GROUP
START GROUP
LOAD D:/APP/STM32CubeCLT_1.18.0/GNU-tools-for-STM32/bin/../lib/gcc/arm-none-eabi/13.3.1/thumb/v7e-m+fp/hard\libgcc.a
LOAD D:/APP/STM32CubeCLT_1.18.0/GNU-tools-for-STM32/bin/../lib/gcc/arm-none-eabi/13.3.1/../../../../arm-none-eabi/lib/thumb/v7e-m+fp/hard\libc_nano.a
LOAD D:/APP/STM32CubeCLT_1.18.0/GNU-tools-for-STM32/bin/../lib/gcc/arm-none-eabi/13.3.1/../../../../arm-none-eabi/lib/thumb/v7e-m+fp/hard\libnosys.a
END GROUP
START GROUP
LOAD D:/APP/STM32CubeCLT_1.18.0/GNU-tools-for-STM32/bin/../lib/gcc/arm-none-eabi/13.3.1/thumb/v7e-m+fp/hard\libgcc.a
LOAD D:/APP/STM32CubeCLT_1.18.0/GNU-tools-for-STM32/bin/../lib/gcc/arm-none-eabi/13.3.1/../../../../arm-none-eabi/lib/thumb/v7e-m+fp/hard\libc_nano.a
LOAD D:/APP/STM32CubeCLT_1.18.0/GNU-tools-for-STM32/bin/../lib/gcc/arm-none-eabi/13.3.1/../../../../arm-none-eabi/lib/thumb/v7e-m+fp/hard\libnosys.a
END GROUP
LOAD D:/APP/STM32CubeCLT_1.18.0/GNU-tools-for-STM32/bin/../lib/gcc/arm-none-eabi/13.3.1/thumb/v7e-m+fp/hard/crtend.o
LOAD D:/APP/STM32CubeCLT_1.18.0/GNU-tools-for-STM32/bin/../lib/gcc/arm-none-eabi/13.3.1/thumb/v7e-m+fp/hard/crtn.o
                0x00000800                        __stack_size = DEFINED (__stack_size)?__stack_size:0x800
                0x00000400                        __heap_size = DEFINED (__heap_size)?__heap_size:0x400

.vectors        0x08000000      0x130
                0x08000000                        . = ALIGN (0x4)
 *(.vectors)
 .vectors       0x08000000      0x130 CMakeFiles/gd32F303_Cmake.elf.dir/gcc_startup/startup_gd32f30x_hd.S.obj
                0x08000000                __gVectors
                0x08000130                        . = ALIGN (0x4)
                0x08000130                        __Vectors_End = .
                0x08000130                        __Vectors_Size = (__Vectors_End - __gVectors)

.text           0x08000130      0x7c4
                0x08000130                        . = ALIGN (0x4)
 *(.text)
 .text          0x08000130       0x40 D:/APP/STM32CubeCLT_1.18.0/GNU-tools-for-STM32/bin/../lib/gcc/arm-none-eabi/13.3.1/thumb/v7e-m+fp/hard/crtbegin.o
 *(.text*)
 .text.NMI_Handler
                0x08000170        0xe CMakeFiles/gd32F303_Cmake.elf.dir/src/gd32f30x_it.c.obj
                0x08000170                NMI_Handler
 .text.HardFault_Handler
                0x0800017e        0x8 CMakeFiles/gd32F303_Cmake.elf.dir/src/gd32f30x_it.c.obj
                0x0800017e                HardFault_Handler
 .text.MemManage_Handler
                0x08000186        0x8 CMakeFiles/gd32F303_Cmake.elf.dir/src/gd32f30x_it.c.obj
                0x08000186                MemManage_Handler
 .text.BusFault_Handler
                0x0800018e        0x8 CMakeFiles/gd32F303_Cmake.elf.dir/src/gd32f30x_it.c.obj
                0x0800018e                BusFault_Handler
 .text.UsageFault_Handler
                0x08000196        0x8 CMakeFiles/gd32F303_Cmake.elf.dir/src/gd32f30x_it.c.obj
                0x08000196                UsageFault_Handler
 .text.SVC_Handler
                0x0800019e        0xe CMakeFiles/gd32F303_Cmake.elf.dir/src/gd32f30x_it.c.obj
                0x0800019e                SVC_Handler
 .text.DebugMon_Handler
                0x080001ac        0xe CMakeFiles/gd32F303_Cmake.elf.dir/src/gd32f30x_it.c.obj
                0x080001ac                DebugMon_Handler
 .text.PendSV_Handler
                0x080001ba        0xe CMakeFiles/gd32F303_Cmake.elf.dir/src/gd32f30x_it.c.obj
                0x080001ba                PendSV_Handler
 .text.SysTick_Handler
                0x080001c8        0xc CMakeFiles/gd32F303_Cmake.elf.dir/src/gd32f30x_it.c.obj
                0x080001c8                SysTick_Handler
 .text.main     0x080001d4       0x4c CMakeFiles/gd32F303_Cmake.elf.dir/src/main.c.obj
                0x080001d4                main
 .text.NVIC_SetPriority
                0x08000220       0x54 CMakeFiles/gd32F303_Cmake.elf.dir/src/systick.c.obj
 .text.SysTick_Config
                0x08000274       0x44 CMakeFiles/gd32F303_Cmake.elf.dir/src/systick.c.obj
 .text.systick_config
                0x080002b8       0x38 CMakeFiles/gd32F303_Cmake.elf.dir/src/systick.c.obj
                0x080002b8                systick_config
 .text.delay_1ms
                0x080002f0       0x2c CMakeFiles/gd32F303_Cmake.elf.dir/src/systick.c.obj
                0x080002f0                delay_1ms
 .text.delay_decrement
                0x0800031c       0x24 CMakeFiles/gd32F303_Cmake.elf.dir/src/systick.c.obj
                0x0800031c                delay_decrement
 .text.gpio_init
                0x08000340      0x16a CMakeFiles/gd32F303_Cmake.elf.dir/Firmware/GD32F30x_standard_peripheral/Source/gd32f30x_gpio.c.obj
                0x08000340                gpio_init
 .text.gpio_bit_write
                0x080004aa       0x36 CMakeFiles/gd32F303_Cmake.elf.dir/Firmware/GD32F30x_standard_peripheral/Source/gd32f30x_gpio.c.obj
                0x080004aa                gpio_bit_write
 .text.gpio_input_bit_get
                0x080004e0       0x2a CMakeFiles/gd32F303_Cmake.elf.dir/Firmware/GD32F30x_standard_peripheral/Source/gd32f30x_gpio.c.obj
                0x080004e0                gpio_input_bit_get
 .text.rcu_periph_clock_enable
                0x0800050a       0x46 CMakeFiles/gd32F303_Cmake.elf.dir/Firmware/GD32F30x_standard_peripheral/Source/gd32f30x_rcu.c.obj
                0x0800050a                rcu_periph_clock_enable
 .text._soft_delay_
                0x08000550       0x34 CMakeFiles/gd32F303_Cmake.elf.dir/Firmware/CMSIS/GD/GD32F30x/Source/system_gd32f30x.c.obj
 .text.SystemInit
                0x08000584      0x168 CMakeFiles/gd32F303_Cmake.elf.dir/Firmware/CMSIS/GD/GD32F30x/Source/system_gd32f30x.c.obj
                0x08000584                SystemInit
 .text.system_clock_config
                0x080006ec        0xc CMakeFiles/gd32F303_Cmake.elf.dir/Firmware/CMSIS/GD/GD32F30x/Source/system_gd32f30x.c.obj
 .text.system_clock_120m_hxtal
                0x080006f8      0x150 CMakeFiles/gd32F303_Cmake.elf.dir/Firmware/CMSIS/GD/GD32F30x/Source/system_gd32f30x.c.obj
 .text.Reset_Handler
                0x08000848       0x48 CMakeFiles/gd32F303_Cmake.elf.dir/gcc_startup/startup_gd32f30x_hd.S.obj
                0x08000848                Reset_Handler
 .text.Default_Handler
                0x08000890        0x2 CMakeFiles/gd32F303_Cmake.elf.dir/gcc_startup/startup_gd32f30x_hd.S.obj
                0x08000890                RTC_Alarm_IRQHandler
                0x08000890                EXTI2_IRQHandler
                0x08000890                TIMER2_IRQHandler
                0x08000890                TIMER5_IRQHandler
                0x08000890                LVD_IRQHandler
                0x08000890                TIMER0_BRK_IRQHandler
                0x08000890                ADC0_1_IRQHandler
                0x08000890                TIMER0_UP_IRQHandler
                0x08000890                SDIO_IRQHandler
                0x08000890                EXTI3_IRQHandler
                0x08000890                TIMER3_IRQHandler
                0x08000890                DMA0_Channel6_IRQHandler
                0x08000890                I2C0_EV_IRQHandler
                0x08000890                EXTI0_IRQHandler
                0x08000890                TIMER4_IRQHandler
                0x08000890                SPI1_IRQHandler
                0x08000890                DMA0_Channel0_IRQHandler
                0x08000890                TAMPER_IRQHandler
                0x08000890                DMA1_Channel0_IRQHandler
                0x08000890                TIMER6_IRQHandler
                0x08000890                DMA0_Channel3_IRQHandler
                0x08000890                I2C0_ER_IRQHandler
                0x08000890                RTC_IRQHandler
                0x08000890                TIMER7_UP_IRQHandler
                0x08000890                DMA0_Channel2_IRQHandler
                0x08000890                USART0_IRQHandler
                0x08000890                TIMER1_IRQHandler
                0x08000890                TIMER7_TRG_CMT_IRQHandler
                0x08000890                TIMER0_TRG_CMT_IRQHandler
                0x08000890                I2C1_EV_IRQHandler
                0x08000890                UART4_IRQHandler
                0x08000890                EXTI10_15_IRQHandler
                0x08000890                DMA1_Channel1_IRQHandler
                0x08000890                Default_Handler
                0x08000890                TIMER7_Channel_IRQHandler
                0x08000890                WWDGT_IRQHandler
                0x08000890                EXMC_IRQHandler
                0x08000890                ADC2_IRQHandler
                0x08000890                SPI2_IRQHandler
                0x08000890                USBD_WKUP_IRQHandler
                0x08000890                RCU_CTC_IRQHandler
                0x08000890                TIMER7_BRK_IRQHandler
                0x08000890                EXTI4_IRQHandler
                0x08000890                USBD_HP_CAN0_TX_IRQHandler
                0x08000890                CAN0_RX1_IRQHandler
                0x08000890                DMA0_Channel5_IRQHandler
                0x08000890                EXTI5_9_IRQHandler
                0x08000890                DMA0_Channel1_IRQHandler
                0x08000890                TIMER0_Channel_IRQHandler
                0x08000890                EXTI1_IRQHandler
                0x08000890                SPI0_IRQHandler
                0x08000890                DMA1_Channel3_4_IRQHandler
                0x08000890                USART2_IRQHandler
                0x08000890                CAN0_EWMC_IRQHandler
                0x08000890                DMA1_Channel2_IRQHandler
                0x08000890                USBD_LP_CAN0_RX0_IRQHandler
                0x08000890                USART1_IRQHandler
                0x08000890                UART3_IRQHandler
                0x08000890                I2C1_ER_IRQHandler
                0x08000890                FMC_IRQHandler
                0x08000890                DMA0_Channel4_IRQHandler
 *fill*         0x08000892        0x2 
 .text.__libc_init_array
                0x08000894       0x48 D:/APP/STM32CubeCLT_1.18.0/GNU-tools-for-STM32/bin/../lib/gcc/arm-none-eabi/13.3.1/../../../../arm-none-eabi/lib/thumb/v7e-m+fp/hard\libg_nano.a(libc_a-init.o)
                0x08000894                __libc_init_array
 *(.glue_7)
 .glue_7        0x080008dc        0x0 linker stubs
 *(.glue_7t)
 .glue_7t       0x080008dc        0x0 linker stubs
 *(.eh_frame)
 .eh_frame      0x080008dc        0x0 D:/APP/STM32CubeCLT_1.18.0/GNU-tools-for-STM32/bin/../lib/gcc/arm-none-eabi/13.3.1/thumb/v7e-m+fp/hard/crtbegin.o
 *(.init)
 .init          0x080008dc        0x4 D:/APP/STM32CubeCLT_1.18.0/GNU-tools-for-STM32/bin/../lib/gcc/arm-none-eabi/13.3.1/thumb/v7e-m+fp/hard/crti.o
                0x080008dc                _init
 .init          0x080008e0        0x8 D:/APP/STM32CubeCLT_1.18.0/GNU-tools-for-STM32/bin/../lib/gcc/arm-none-eabi/13.3.1/thumb/v7e-m+fp/hard/crtn.o
 *(.fini)
 .fini          0x080008e8        0x4 D:/APP/STM32CubeCLT_1.18.0/GNU-tools-for-STM32/bin/../lib/gcc/arm-none-eabi/13.3.1/thumb/v7e-m+fp/hard/crti.o
                0x080008e8                _fini
 .fini          0x080008ec        0x8 D:/APP/STM32CubeCLT_1.18.0/GNU-tools-for-STM32/bin/../lib/gcc/arm-none-eabi/13.3.1/thumb/v7e-m+fp/hard/crtn.o
                0x080008f4                        . = ALIGN (0x4)
                0x080008f4                        _etext = .

.vfp11_veneer   0x080008f4        0x0
 .vfp11_veneer  0x080008f4        0x0 linker stubs

.v4_bx          0x080008f4        0x0
 .v4_bx         0x080008f4        0x0 linker stubs

.iplt           0x080008f4        0x0
 .iplt          0x080008f4        0x0 D:/APP/STM32CubeCLT_1.18.0/GNU-tools-for-STM32/bin/../lib/gcc/arm-none-eabi/13.3.1/thumb/v7e-m+fp/hard/crtbegin.o

.rel.dyn        0x080008f4        0x0
 .rel.iplt      0x080008f4        0x0 D:/APP/STM32CubeCLT_1.18.0/GNU-tools-for-STM32/bin/../lib/gcc/arm-none-eabi/13.3.1/thumb/v7e-m+fp/hard/crtbegin.o

.rodata         0x080008f4        0x0
                0x080008f4                        . = ALIGN (0x4)
 *(.rodata)
 *(.rodata*)
                0x080008f4                        . = ALIGN (0x4)

.ARM.extab
 *(.ARM.extab* .gnu.linkonce.armextab.*)

.ARM            0x080008f4        0x0
                0x080008f4                        __exidx_start = .
 *(.ARM.exidx*)
                0x080008f4                        __exidx_end = .

.ARM.attributes
                0x080008f4       0x30
 *(.ARM.attributes)
 .ARM.attributes
                0x080008f4       0x22 D:/APP/STM32CubeCLT_1.18.0/GNU-tools-for-STM32/bin/../lib/gcc/arm-none-eabi/13.3.1/thumb/v7e-m+fp/hard/crti.o
 .ARM.attributes
                0x08000916       0x34 D:/APP/STM32CubeCLT_1.18.0/GNU-tools-for-STM32/bin/../lib/gcc/arm-none-eabi/13.3.1/thumb/v7e-m+fp/hard/crtbegin.o
 .ARM.attributes
                0x0800094a       0x34 CMakeFiles/gd32F303_Cmake.elf.dir/src/gd32f30x_it.c.obj
 .ARM.attributes
                0x0800097e       0x34 CMakeFiles/gd32F303_Cmake.elf.dir/src/main.c.obj
 .ARM.attributes
                0x080009b2       0x34 CMakeFiles/gd32F303_Cmake.elf.dir/src/systick.c.obj
 .ARM.attributes
                0x080009e6       0x34 CMakeFiles/gd32F303_Cmake.elf.dir/Firmware/GD32F30x_standard_peripheral/Source/gd32f30x_gpio.c.obj
 .ARM.attributes
                0x08000a1a       0x34 CMakeFiles/gd32F303_Cmake.elf.dir/Firmware/GD32F30x_standard_peripheral/Source/gd32f30x_rcu.c.obj
 .ARM.attributes
                0x08000a4e       0x34 CMakeFiles/gd32F303_Cmake.elf.dir/Firmware/CMSIS/GD/GD32F30x/Source/system_gd32f30x.c.obj
 .ARM.attributes
                0x08000a82       0x21 CMakeFiles/gd32F303_Cmake.elf.dir/gcc_startup/startup_gd32f30x_hd.S.obj
 .ARM.attributes
                0x08000aa3       0x34 D:/APP/STM32CubeCLT_1.18.0/GNU-tools-for-STM32/bin/../lib/gcc/arm-none-eabi/13.3.1/../../../../arm-none-eabi/lib/thumb/v7e-m+fp/hard\libg_nano.a(libc_a-init.o)
 .ARM.attributes
                0x08000ad7       0x22 D:/APP/STM32CubeCLT_1.18.0/GNU-tools-for-STM32/bin/../lib/gcc/arm-none-eabi/13.3.1/thumb/v7e-m+fp/hard/crtn.o

.preinit_array  0x080008f4        0x0
                0x080008f4                        PROVIDE (__preinit_array_start = .)
 *(.preinit_array*)
                0x080008f4                        PROVIDE (__preinit_array_end = .)

.init_array     0x080008f4        0x4
                0x080008f4                        PROVIDE (__init_array_start = .)
 *(SORT_BY_NAME(.init_array.*))
 *(.init_array*)
 .init_array    0x080008f4        0x4 D:/APP/STM32CubeCLT_1.18.0/GNU-tools-for-STM32/bin/../lib/gcc/arm-none-eabi/13.3.1/thumb/v7e-m+fp/hard/crtbegin.o
                0x080008f8                        PROVIDE (__init_array_end = .)

.fini_array     0x080008f8        0x4
                [!provide]                        PROVIDE (__fini_array_start = .)
 *(.fini_array*)
 .fini_array    0x080008f8        0x4 D:/APP/STM32CubeCLT_1.18.0/GNU-tools-for-STM32/bin/../lib/gcc/arm-none-eabi/13.3.1/thumb/v7e-m+fp/hard/crtbegin.o
 *(SORT_BY_NAME(.fini_array.*))
                [!provide]                        PROVIDE (__fini_array_end = .)
                0x080008fc                        _sidata = LOADADDR (.data)

.data           0x20000000        0x4 load address 0x080008fc
                0x20000000                        . = ALIGN (0x4)
                0x20000000                        _sdata = .
 *(.data)
 *(.data*)
 .data.SystemCoreClock
                0x20000000        0x4 CMakeFiles/gd32F303_Cmake.elf.dir/Firmware/CMSIS/GD/GD32F30x/Source/system_gd32f30x.c.obj
                0x20000000                SystemCoreClock
                0x20000004                        . = ALIGN (0x4)
                0x20000004                        _edata = .

.igot.plt       0x20000004        0x0 load address 0x08000900
 .igot.plt      0x20000004        0x0 D:/APP/STM32CubeCLT_1.18.0/GNU-tools-for-STM32/bin/../lib/gcc/arm-none-eabi/13.3.1/thumb/v7e-m+fp/hard/crtbegin.o
                0x20000004                        . = ALIGN (0x4)

.bss            0x20000004       0x20 load address 0x08000900
                0x20000004                        . = ALIGN (0x4)
                0x20000004                        _sbss = .
                0x20000004                        __bss_start__ = _sbss
 *(.bss)
 .bss           0x20000004       0x1c D:/APP/STM32CubeCLT_1.18.0/GNU-tools-for-STM32/bin/../lib/gcc/arm-none-eabi/13.3.1/thumb/v7e-m+fp/hard/crtbegin.o
 *(.bss*)
 .bss.delay     0x20000020        0x4 CMakeFiles/gd32F303_Cmake.elf.dir/src/systick.c.obj
 *(COMMON)
                0x20000024                        . = ALIGN (0x4)
                0x20000024                        _ebss = .
                0x20000024                        __bss_end__ = _ebss

.heap_stack     0x20000024      0xc04 load address 0x08000900
                0x20000028                        . = ALIGN (0x8)
 *fill*         0x20000024        0x4 
                [!provide]                        PROVIDE (end = _ebss)
                0x20000024                        PROVIDE (_end = _ebss)
                0x20000428                        . = (. + __heap_size)
 *fill*         0x20000028      0x400 
                0x20000428                        PROVIDE (_heap_end = .)
                0x20000c28                        . = (. + __stack_size)
 *fill*         0x20000428      0x800 
                0x20000c28                        PROVIDE (_sp = .)
                0x20000c28                        . = ALIGN (0x8)
START GROUP
LOAD D:/APP/STM32CubeCLT_1.18.0/GNU-tools-for-STM32/bin/../lib/gcc/arm-none-eabi/13.3.1/thumb/v7e-m+fp/hard\libgcc.a
LOAD D:/APP/STM32CubeCLT_1.18.0/GNU-tools-for-STM32/bin/../lib/gcc/arm-none-eabi/13.3.1/../../../../arm-none-eabi/lib/thumb/v7e-m+fp/hard\libc.a
LOAD D:/APP/STM32CubeCLT_1.18.0/GNU-tools-for-STM32/bin/../lib/gcc/arm-none-eabi/13.3.1/../../../../arm-none-eabi/lib/thumb/v7e-m+fp/hard\libm.a
LOAD D:/APP/STM32CubeCLT_1.18.0/GNU-tools-for-STM32/bin/../lib/gcc/arm-none-eabi/13.3.1/../../../../arm-none-eabi/lib/thumb/v7e-m+fp/hard\libnosys.a
END GROUP
OUTPUT(gd32F303_Cmake.elf elf32-littlearm)
LOAD linker stubs

.debug_info     0x00000000     0x2332
 .debug_info    0x00000000      0x107 CMakeFiles/gd32F303_Cmake.elf.dir/src/gd32f30x_it.c.obj
 .debug_info    0x00000107      0x39b CMakeFiles/gd32F303_Cmake.elf.dir/src/main.c.obj
 .debug_info    0x000004a2      0x63d CMakeFiles/gd32F303_Cmake.elf.dir/src/systick.c.obj
 .debug_info    0x00000adf      0x632 CMakeFiles/gd32F303_Cmake.elf.dir/Firmware/GD32F30x_standard_peripheral/Source/gd32f30x_gpio.c.obj
 .debug_info    0x00001111      0xcc5 CMakeFiles/gd32F303_Cmake.elf.dir/Firmware/GD32F30x_standard_peripheral/Source/gd32f30x_rcu.c.obj
 .debug_info    0x00001dd6      0x421 CMakeFiles/gd32F303_Cmake.elf.dir/Firmware/CMSIS/GD/GD32F30x/Source/system_gd32f30x.c.obj
 .debug_info    0x000021f7       0x30 CMakeFiles/gd32F303_Cmake.elf.dir/gcc_startup/startup_gd32f30x_hd.S.obj
 .debug_info    0x00002227      0x10b D:/APP/STM32CubeCLT_1.18.0/GNU-tools-for-STM32/bin/../lib/gcc/arm-none-eabi/13.3.1/../../../../arm-none-eabi/lib/thumb/v7e-m+fp/hard\libg_nano.a(libc_a-init.o)

.debug_abbrev   0x00000000      0x997
 .debug_abbrev  0x00000000       0x71 CMakeFiles/gd32F303_Cmake.elf.dir/src/gd32f30x_it.c.obj
 .debug_abbrev  0x00000071      0x130 CMakeFiles/gd32F303_Cmake.elf.dir/src/main.c.obj
 .debug_abbrev  0x000001a1      0x1c9 CMakeFiles/gd32F303_Cmake.elf.dir/src/systick.c.obj
 .debug_abbrev  0x0000036a      0x1e6 CMakeFiles/gd32F303_Cmake.elf.dir/Firmware/GD32F30x_standard_peripheral/Source/gd32f30x_gpio.c.obj
 .debug_abbrev  0x00000550      0x195 CMakeFiles/gd32F303_Cmake.elf.dir/Firmware/GD32F30x_standard_peripheral/Source/gd32f30x_rcu.c.obj
 .debug_abbrev  0x000006e5      0x1c5 CMakeFiles/gd32F303_Cmake.elf.dir/Firmware/CMSIS/GD/GD32F30x/Source/system_gd32f30x.c.obj
 .debug_abbrev  0x000008aa       0x24 CMakeFiles/gd32F303_Cmake.elf.dir/gcc_startup/startup_gd32f30x_hd.S.obj
 .debug_abbrev  0x000008ce       0xc9 D:/APP/STM32CubeCLT_1.18.0/GNU-tools-for-STM32/bin/../lib/gcc/arm-none-eabi/13.3.1/../../../../arm-none-eabi/lib/thumb/v7e-m+fp/hard\libg_nano.a(libc_a-init.o)

.debug_aranges  0x00000000      0x358
 .debug_aranges
                0x00000000       0x60 CMakeFiles/gd32F303_Cmake.elf.dir/src/gd32f30x_it.c.obj
 .debug_aranges
                0x00000060       0x28 CMakeFiles/gd32F303_Cmake.elf.dir/src/main.c.obj
 .debug_aranges
                0x00000088       0x40 CMakeFiles/gd32F303_Cmake.elf.dir/src/systick.c.obj
 .debug_aranges
                0x000000c8       0xb0 CMakeFiles/gd32F303_Cmake.elf.dir/Firmware/GD32F30x_standard_peripheral/Source/gd32f30x_gpio.c.obj
 .debug_aranges
                0x00000178      0x150 CMakeFiles/gd32F303_Cmake.elf.dir/Firmware/GD32F30x_standard_peripheral/Source/gd32f30x_rcu.c.obj
 .debug_aranges
                0x000002c8       0x48 CMakeFiles/gd32F303_Cmake.elf.dir/Firmware/CMSIS/GD/GD32F30x/Source/system_gd32f30x.c.obj
 .debug_aranges
                0x00000310       0x28 CMakeFiles/gd32F303_Cmake.elf.dir/gcc_startup/startup_gd32f30x_hd.S.obj
 .debug_aranges
                0x00000338       0x20 D:/APP/STM32CubeCLT_1.18.0/GNU-tools-for-STM32/bin/../lib/gcc/arm-none-eabi/13.3.1/../../../../arm-none-eabi/lib/thumb/v7e-m+fp/hard\libg_nano.a(libc_a-init.o)

.debug_rnglists
                0x00000000      0x267
 .debug_rnglists
                0x00000000       0x43 CMakeFiles/gd32F303_Cmake.elf.dir/src/gd32f30x_it.c.obj
 .debug_rnglists
                0x00000043       0x19 CMakeFiles/gd32F303_Cmake.elf.dir/src/main.c.obj
 .debug_rnglists
                0x0000005c       0x2b CMakeFiles/gd32F303_Cmake.elf.dir/src/systick.c.obj
 .debug_rnglists
                0x00000087       0x83 CMakeFiles/gd32F303_Cmake.elf.dir/Firmware/GD32F30x_standard_peripheral/Source/gd32f30x_gpio.c.obj
 .debug_rnglists
                0x0000010a       0xfd CMakeFiles/gd32F303_Cmake.elf.dir/Firmware/GD32F30x_standard_peripheral/Source/gd32f30x_rcu.c.obj
 .debug_rnglists
                0x00000207       0x34 CMakeFiles/gd32F303_Cmake.elf.dir/Firmware/CMSIS/GD/GD32F30x/Source/system_gd32f30x.c.obj
 .debug_rnglists
                0x0000023b       0x19 CMakeFiles/gd32F303_Cmake.elf.dir/gcc_startup/startup_gd32f30x_hd.S.obj
 .debug_rnglists
                0x00000254       0x13 D:/APP/STM32CubeCLT_1.18.0/GNU-tools-for-STM32/bin/../lib/gcc/arm-none-eabi/13.3.1/../../../../arm-none-eabi/lib/thumb/v7e-m+fp/hard\libg_nano.a(libc_a-init.o)

.debug_line     0x00000000     0x1eb1
 .debug_line    0x00000000      0x131 CMakeFiles/gd32F303_Cmake.elf.dir/src/gd32f30x_it.c.obj
 .debug_line    0x00000131      0x2b8 CMakeFiles/gd32F303_Cmake.elf.dir/src/main.c.obj
 .debug_line    0x000003e9      0x33c CMakeFiles/gd32F303_Cmake.elf.dir/src/systick.c.obj
 .debug_line    0x00000725      0x6ad CMakeFiles/gd32F303_Cmake.elf.dir/Firmware/GD32F30x_standard_peripheral/Source/gd32f30x_gpio.c.obj
 .debug_line    0x00000dd2      0x9cc CMakeFiles/gd32F303_Cmake.elf.dir/Firmware/GD32F30x_standard_peripheral/Source/gd32f30x_rcu.c.obj
 .debug_line    0x0000179e      0x52f CMakeFiles/gd32F303_Cmake.elf.dir/Firmware/CMSIS/GD/GD32F30x/Source/system_gd32f30x.c.obj
 .debug_line    0x00001ccd       0x74 CMakeFiles/gd32F303_Cmake.elf.dir/gcc_startup/startup_gd32f30x_hd.S.obj
 .debug_line    0x00001d41      0x170 D:/APP/STM32CubeCLT_1.18.0/GNU-tools-for-STM32/bin/../lib/gcc/arm-none-eabi/13.3.1/../../../../arm-none-eabi/lib/thumb/v7e-m+fp/hard\libg_nano.a(libc_a-init.o)

.debug_str      0x00000000     0x1a7e
 .debug_str     0x00000000     0x1a7e CMakeFiles/gd32F303_Cmake.elf.dir/src/gd32f30x_it.c.obj
                                0x208 (size before relaxing)
 .debug_str     0x00001a7e      0x4d4 CMakeFiles/gd32F303_Cmake.elf.dir/src/main.c.obj
 .debug_str     0x00001a7e      0x6e9 CMakeFiles/gd32F303_Cmake.elf.dir/src/systick.c.obj
 .debug_str     0x00001a7e      0x616 CMakeFiles/gd32F303_Cmake.elf.dir/Firmware/GD32F30x_standard_peripheral/Source/gd32f30x_gpio.c.obj
 .debug_str     0x00001a7e      0xdde CMakeFiles/gd32F303_Cmake.elf.dir/Firmware/GD32F30x_standard_peripheral/Source/gd32f30x_rcu.c.obj
 .debug_str     0x00001a7e      0x32d CMakeFiles/gd32F303_Cmake.elf.dir/Firmware/CMSIS/GD/GD32F30x/Source/system_gd32f30x.c.obj
 .debug_str     0x00001a7e       0x7c CMakeFiles/gd32F303_Cmake.elf.dir/gcc_startup/startup_gd32f30x_hd.S.obj
 .debug_str     0x00001a7e      0x272 D:/APP/STM32CubeCLT_1.18.0/GNU-tools-for-STM32/bin/../lib/gcc/arm-none-eabi/13.3.1/../../../../arm-none-eabi/lib/thumb/v7e-m+fp/hard\libg_nano.a(libc_a-init.o)

.comment        0x00000000       0x43
 .comment       0x00000000       0x43 CMakeFiles/gd32F303_Cmake.elf.dir/src/gd32f30x_it.c.obj
                                 0x44 (size before relaxing)
 .comment       0x00000043       0x44 CMakeFiles/gd32F303_Cmake.elf.dir/src/main.c.obj
 .comment       0x00000043       0x44 CMakeFiles/gd32F303_Cmake.elf.dir/src/systick.c.obj
 .comment       0x00000043       0x44 CMakeFiles/gd32F303_Cmake.elf.dir/Firmware/GD32F30x_standard_peripheral/Source/gd32f30x_gpio.c.obj
 .comment       0x00000043       0x44 CMakeFiles/gd32F303_Cmake.elf.dir/Firmware/GD32F30x_standard_peripheral/Source/gd32f30x_rcu.c.obj
 .comment       0x00000043       0x44 CMakeFiles/gd32F303_Cmake.elf.dir/Firmware/CMSIS/GD/GD32F30x/Source/system_gd32f30x.c.obj
 .comment       0x00000043       0x44 D:/APP/STM32CubeCLT_1.18.0/GNU-tools-for-STM32/bin/../lib/gcc/arm-none-eabi/13.3.1/../../../../arm-none-eabi/lib/thumb/v7e-m+fp/hard\libg_nano.a(libc_a-init.o)

.debug_frame    0x00000000      0xc00
 .debug_frame   0x00000000      0x10c CMakeFiles/gd32F303_Cmake.elf.dir/src/gd32f30x_it.c.obj
 .debug_frame   0x0000010c       0x50 CMakeFiles/gd32F303_Cmake.elf.dir/src/main.c.obj
 .debug_frame   0x0000015c       0xc0 CMakeFiles/gd32F303_Cmake.elf.dir/src/systick.c.obj
 .debug_frame   0x0000021c      0x2e0 CMakeFiles/gd32F303_Cmake.elf.dir/Firmware/GD32F30x_standard_peripheral/Source/gd32f30x_gpio.c.obj
 .debug_frame   0x000004fc      0x5ec CMakeFiles/gd32F303_Cmake.elf.dir/Firmware/GD32F30x_standard_peripheral/Source/gd32f30x_rcu.c.obj
 .debug_frame   0x00000ae8       0xec CMakeFiles/gd32F303_Cmake.elf.dir/Firmware/CMSIS/GD/GD32F30x/Source/system_gd32f30x.c.obj
 .debug_frame   0x00000bd4       0x2c D:/APP/STM32CubeCLT_1.18.0/GNU-tools-for-STM32/bin/../lib/gcc/arm-none-eabi/13.3.1/../../../../arm-none-eabi/lib/thumb/v7e-m+fp/hard\libg_nano.a(libc_a-init.o)

.debug_line_str
                0x00000000       0x60
 .debug_line_str
                0x00000000       0x60 CMakeFiles/gd32F303_Cmake.elf.dir/gcc_startup/startup_gd32f30x_hd.S.obj

.debug_loclists
                0x00000000       0x44
 .debug_loclists
                0x00000000       0x44 D:/APP/STM32CubeCLT_1.18.0/GNU-tools-for-STM32/bin/../lib/gcc/arm-none-eabi/13.3.1/../../../../arm-none-eabi/lib/thumb/v7e-m+fp/hard\libg_nano.a(libc_a-init.o)
